#
# There is insufficient memory for the Java Runtime Environment to continue.
# Native memory allocation (malloc) failed to allocate 1014576 bytes for Chunk::new
# Possible reasons:
#   The system is out of physical RAM or swap space
#   The process is running with CompressedOops enabled, and the Java Heap may be blocking the growth of the native heap
# Possible solutions:
#   Reduce memory load on the system
#   Increase physical memory or swap space
#   Check if swap backing store is full
#   Decrease Java heap size (-Xmx/-Xms)
#   Decrease number of Java threads
#   Decrease Java thread stack sizes (-Xss)
#   Set larger code cache with -XX:ReservedCodeCacheSize=
#   JVM is running with Unscaled Compressed Oops mode in which the Java heap is
#     placed in the first 4GB address space. The Java Heap base address is the
#     maximum limit for the native heap growth. Please use -XX:HeapBaseMinAddress
#     to set the Java Heap base and to place the Java Heap above 4GB virtual address.
# This output file may be truncated or incomplete.
#
#  Out of Memory Error (arena.cpp:191), pid=29312, tid=7792
#
# JRE version: OpenJDK Runtime Environment Temurin-17.0.10+7 (17.0.10+7) (build 17.0.10+7)
# Java VM: OpenJDK 64-Bit Server VM Temurin-17.0.10+7 (17.0.10+7, mixed mode, tiered, compressed oops, compressed class ptrs, parallel gc, windows-amd64)
# No core dump will be written. Minidumps are not enabled by default on client versions of Windows
#

---------------  S U M M A R Y ------------

Command Line: --add-modules=ALL-SYSTEM --add-opens=java.base/java.util=ALL-UNNAMED --add-opens=java.base/java.lang=ALL-UNNAMED --add-opens=java.base/sun.nio.fs=ALL-UNNAMED -Declipse.application=org.eclipse.jdt.ls.core.id1 -Dosgi.bundles.defaultStartLevel=4 -Declipse.product=org.eclipse.jdt.ls.core.product -Djava.import.generatesMetadataFilesAtProjectRoot=false -DDetectVMInstallationsJob.disabled=true -Dfile.encoding=utf8 -XX:+UseParallelGC -XX:GCTimeRatio=4 -XX:AdaptiveSizePolicyWeight=90 -Dsun.zip.disableMemoryMapping=true -Xmx1G -Xms100m -Xlog:disable -javaagent:c:\Users\cokane\.vscode\extensions\redhat.java-1.28.1-win32-x64\lombok\lombok-1.18.31.jar -XX:+HeapDumpOnOutOfMemoryError -XX:HeapDumpPath=c:\Users\cokane\AppData\Roaming\Code\User\workspaceStorage\80ff809a4b4a380e66c75161490fda4c\redhat.java -Daether.dependencyCollector.impl=bf c:\Users\cokane\.vscode\extensions\redhat.java-1.28.1-win32-x64\server\plugins\org.eclipse.equinox.launcher_1.6.700.v20231214-2017.jar -configuration c:\Users\cokane\AppData\Roaming\Code\User\globalStorage\redhat.java\1.28.1\config_win -data c:\Users\cokane\AppData\Roaming\Code\User\workspaceStorage\80ff809a4b4a380e66c75161490fda4c\redhat.java\jdt_ws --stdio

Host: 11th Gen Intel(R) Core(TM) i7-1165G7 @ 2.80GHz, 8 cores, 15G,  Windows 11 , 64 bit Build 22621 (10.0.22621.3085)
Time: Wed Mar  6 11:54:58 2024 Paris, Madrid elapsed time: 3.077122 seconds (0d 0h 0m 3s)

---------------  T H R E A D  ---------------

Current thread (0x000001d9308d30a0):  JavaThread "C2 CompilerThread2" daemon [_thread_in_native, id=7792, stack(0x0000008411800000,0x0000008411900000)]


Current CompileTask:
C2:   3077 3002       4       org.eclipse.core.internal.dtree.DataTreeReader::readNode (248 bytes)

Stack: [0x0000008411800000,0x0000008411900000]
Native frames: (J=compiled Java code, j=interpreted, Vv=VM code, C=native code)
V  [jvm.dll+0x67d2c9]
V  [jvm.dll+0x834afa]
V  [jvm.dll+0x8365be]
V  [jvm.dll+0x836c23]
V  [jvm.dll+0x2477ff]
V  [jvm.dll+0xac514]
V  [jvm.dll+0xacb5c]
V  [jvm.dll+0x366782]
V  [jvm.dll+0x330bfa]
V  [jvm.dll+0x33009a]
V  [jvm.dll+0x219ef1]
V  [jvm.dll+0x219311]
V  [jvm.dll+0x1a502d]
V  [jvm.dll+0x2290de]
V  [jvm.dll+0x2272ac]
V  [jvm.dll+0x7e9bb7]
V  [jvm.dll+0x7e3fba]
V  [jvm.dll+0x67c1b5]
C  [ucrtbase.dll+0x29363]
C  [KERNEL32.DLL+0x1257d]
C  [ntdll.dll+0x5aa58]


---------------  P R O C E S S  ---------------

Threads class SMR info:
_java_thread_list=0x000001d930b7a8c0, length=21, elements={
0x000001d91597c330, 0x000001d92e8d5020, 0x000001d92e8d6190, 0x000001d92e8ecf90,
0x000001d92e8ed960, 0x000001d92e8ee430, 0x000001d92e8eef00, 0x000001d92e8f0c40,
0x000001d92e947fe0, 0x000001d92e964c90, 0x000001d92ea37440, 0x000001d92fa970b0,
0x000001d9307281d0, 0x000001d93044ee50, 0x000001d9305fa300, 0x000001d930c78080,
0x000001d9308fa6b0, 0x000001d930871070, 0x000001d92fddc5b0, 0x000001d9308d46c0,
0x000001d9308d30a0
}

Java Threads: ( => current thread )
  0x000001d91597c330 JavaThread "main" [_thread_blocked, id=19648, stack(0x000000840fa00000,0x000000840fb00000)]
  0x000001d92e8d5020 JavaThread "Reference Handler" daemon [_thread_blocked, id=15016, stack(0x000000840fd00000,0x000000840fe00000)]
  0x000001d92e8d6190 JavaThread "Finalizer" daemon [_thread_blocked, id=31980, stack(0x000000840fe00000,0x000000840ff00000)]
  0x000001d92e8ecf90 JavaThread "Signal Dispatcher" daemon [_thread_blocked, id=22408, stack(0x000000840ff00000,0x0000008410000000)]
  0x000001d92e8ed960 JavaThread "Attach Listener" daemon [_thread_blocked, id=30892, stack(0x0000008410000000,0x0000008410100000)]
  0x000001d92e8ee430 JavaThread "Service Thread" daemon [_thread_blocked, id=31176, stack(0x0000008410100000,0x0000008410200000)]
  0x000001d92e8eef00 JavaThread "Monitor Deflation Thread" daemon [_thread_blocked, id=18804, stack(0x0000008410200000,0x0000008410300000)]
  0x000001d92e8f0c40 JavaThread "C2 CompilerThread0" daemon [_thread_in_native, id=5872, stack(0x0000008410300000,0x0000008410400000)]
  0x000001d92e947fe0 JavaThread "C1 CompilerThread0" daemon [_thread_blocked, id=22480, stack(0x0000008410400000,0x0000008410500000)]
  0x000001d92e964c90 JavaThread "Sweeper thread" daemon [_thread_blocked, id=13808, stack(0x0000008410500000,0x0000008410600000)]
  0x000001d92ea37440 JavaThread "Common-Cleaner" daemon [_thread_blocked, id=32200, stack(0x0000008410600000,0x0000008410700000)]
  0x000001d92fa970b0 JavaThread "Notification Thread" daemon [_thread_blocked, id=28452, stack(0x0000008410800000,0x0000008410900000)]
  0x000001d9307281d0 JavaThread "Active Thread: Equinox Container: 1f28048a-5ccf-49f9-953e-d8e1ea895ee2" [_thread_blocked, id=10264, stack(0x0000008411100000,0x0000008411200000)]
  0x000001d93044ee50 JavaThread "Framework Event Dispatcher: Equinox Container: 1f28048a-5ccf-49f9-953e-d8e1ea895ee2" daemon [_thread_blocked, id=29564, stack(0x0000008411200000,0x0000008411300000)]
  0x000001d9305fa300 JavaThread "Start Level: Equinox Container: 1f28048a-5ccf-49f9-953e-d8e1ea895ee2" daemon [_thread_in_vm, id=8572, stack(0x0000008411300000,0x0000008411400000)]
  0x000001d930c78080 JavaThread "Bundle File Closer" daemon [_thread_blocked, id=12232, stack(0x0000008411500000,0x0000008411600000)]
  0x000001d9308fa6b0 JavaThread "SCR Component Actor" daemon [_thread_blocked, id=28408, stack(0x0000008411600000,0x0000008411700000)]
  0x000001d930871070 JavaThread "SCR Component Registry" daemon [_thread_blocked, id=13048, stack(0x0000008411700000,0x0000008411800000)]
  0x000001d92fddc5b0 JavaThread "Worker-JM" [_thread_blocked, id=5500, stack(0x0000008410700000,0x0000008410800000)]
  0x000001d9308d46c0 JavaThread "C2 CompilerThread1" daemon [_thread_blocked, id=15832, stack(0x0000008410a00000,0x0000008410b00000)]
=>0x000001d9308d30a0 JavaThread "C2 CompilerThread2" daemon [_thread_in_native, id=7792, stack(0x0000008411800000,0x0000008411900000)]

Other Threads:
  0x000001d915a1eaf0 VMThread "VM Thread" [stack: 0x000000840fc00000,0x000000840fd00000] [id=12364]
  0x000001d92ec106d0 WatcherThread [stack: 0x0000008410900000,0x0000008410a00000] [id=9780]
  0x000001d915991630 GCTaskThread "GC Thread#0" [stack: 0x000000840fb00000,0x000000840fc00000] [id=28528]
  0x000001d92fe703c0 GCTaskThread "GC Thread#1" [stack: 0x0000008410b00000,0x0000008410c00000] [id=22692]
  0x000001d92fe70680 GCTaskThread "GC Thread#2" [stack: 0x0000008410c00000,0x0000008410d00000] [id=28968]
  0x000001d92facb540 GCTaskThread "GC Thread#3" [stack: 0x0000008410d00000,0x0000008410e00000] [id=12840]
  0x000001d92facb800 GCTaskThread "GC Thread#4" [stack: 0x0000008410e00000,0x0000008410f00000] [id=15716]
  0x000001d92facbac0 GCTaskThread "GC Thread#5" [stack: 0x0000008410f00000,0x0000008411000000] [id=20008]
  0x000001d92facbd80 GCTaskThread "GC Thread#6" [stack: 0x0000008411000000,0x0000008411100000] [id=31940]
  0x000001d930499120 GCTaskThread "GC Thread#7" [stack: 0x0000008411400000,0x0000008411500000] [id=32484]

Threads with active compile tasks:
C2 CompilerThread0     3107 3076 %     4       org.eclipse.core.internal.dtree.DeltaDataTree::lookup @ 39 (158 bytes)
C2 CompilerThread2     3107 3002       4       org.eclipse.core.internal.dtree.DataTreeReader::readNode (248 bytes)

VM state: at safepoint (normal execution)

VM Mutex/Monitor currently owned by a thread:  ([mutex/lock_event])
[0x000001d915978400] Threads_lock - owner thread: 0x000001d915a1eaf0
[0x000001d915977050] Heap_lock - owner thread: 0x000001d9305fa300

Heap address: 0x00000000c0000000, size: 1024 MB, Compressed Oops mode: 32-bit

CDS archive(s) not mapped
Compressed class space mapped at: 0x0000000100000000-0x0000000140000000, reserved size: 1073741824
Narrow klass base: 0x0000000000000000, Narrow klass shift: 3, Narrow klass range: 0x140000000

GC Precious Log:
 CPUs: 8 total, 8 available
 Memory: 16110M
 Large Page Support: Disabled
 NUMA Support: Disabled
 Compressed Oops: Enabled (32-bit)
 Alignments: Space 512K, Generation 512K, Heap 2M
 Heap Min Capacity: 100M
 Heap Initial Capacity: 100M
 Heap Max Capacity: 1G
 Pre-touch: Disabled
 Parallel Workers: 8

Heap:
 PSYoungGen      total 29696K, used 29122K [0x00000000eab00000, 0x00000000ecc00000, 0x0000000100000000)
  eden space 25600K, 97% used [0x00000000eab00000,0x00000000ec375dc8,0x00000000ec400000)
  from space 4096K, 99% used [0x00000000ec800000,0x00000000ecbfae08,0x00000000ecc00000)
  to   space 4096K, 58% used [0x00000000ec400000,0x00000000ec66ae08,0x00000000ec800000)
 ParOldGen       total 68608K, used 11492K [0x00000000c0000000, 0x00000000c4300000, 0x00000000eab00000)
  object space 68608K, 16% used [0x00000000c0000000,0x00000000c0b39388,0x00000000c4300000)
 Metaspace       used 22368K, committed 22848K, reserved 1114112K
  class space    used 2259K, committed 2432K, reserved 1048576K

Card table byte_map: [0x000001d915300000,0x000001d915510000] _byte_map_base: 0x000001d914d00000

Marking Bits: (ParMarkBitMap*) 0x00007ffd9a57d7d0
 Begin Bits: [0x000001d927600000, 0x000001d928600000)
 End Bits:   [0x000001d928600000, 0x000001d929600000)

Polling page: 0x000001d913ac0000

Metaspace:

Usage:
  Non-class:     19.64 MB used.
      Class:      2.21 MB used.
       Both:     21.84 MB used.

Virtual space:
  Non-class space:       64.00 MB reserved,      19.94 MB ( 31%) committed,  1 nodes.
      Class space:        1.00 GB reserved,       2.38 MB ( <1%) committed,  1 nodes.
             Both:        1.06 GB reserved,      22.31 MB (  2%) committed. 

Chunk freelists:
   Non-Class:  11.86 MB
       Class:  13.60 MB
        Both:  25.46 MB

MaxMetaspaceSize: unlimited
CompressedClassSpaceSize: 1.00 GB
Initial GC threshold: 21.00 MB
Current GC threshold: 35.00 MB
CDS: off
MetaspaceReclaimPolicy: balanced
 - commit_granule_bytes: 65536.
 - commit_granule_words: 8192.
 - virtual_space_node_default_size: 8388608.
 - enlarge_chunks_in_place: 1.
 - new_chunks_are_fully_committed: 0.
 - uncommit_free_chunks: 1.
 - use_allocation_guard: 0.
 - handle_deallocations: 1.


Internal statistics:

num_allocs_failed_limit: 3.
num_arena_births: 260.
num_arena_deaths: 0.
num_vsnodes_births: 2.
num_vsnodes_deaths: 0.
num_space_committed: 357.
num_space_uncommitted: 0.
num_chunks_returned_to_freelist: 3.
num_chunks_taken_from_freelist: 763.
num_chunk_merges: 0.
num_chunk_splits: 481.
num_chunks_enlarged: 331.
num_inconsistent_stats: 0.

CodeHeap 'non-profiled nmethods': size=120000Kb used=1355Kb max_used=1355Kb free=118644Kb
 bounds [0x000001d9200d0000, 0x000001d920340000, 0x000001d927600000]
CodeHeap 'profiled nmethods': size=120000Kb used=6265Kb max_used=6265Kb free=113734Kb
 bounds [0x000001d918600000, 0x000001d918c20000, 0x000001d91fb30000]
CodeHeap 'non-nmethods': size=5760Kb used=1203Kb max_used=1233Kb free=4556Kb
 bounds [0x000001d91fb30000, 0x000001d91fda0000, 0x000001d9200d0000]
 total_blobs=3576 nmethods=3080 adapters=409
 compilation: enabled
              stopped_count=0, restarted_count=0
 full_count=0

Compilation events (20 events):
Event: 3.063 Thread 0x000001d92e947fe0 nmethod 3056 0x000001d918c08790 code [0x000001d918c08a00, 0x000001d918c09408]
Event: 3.063 Thread 0x000001d92e947fe0 3061       3       org.eclipse.core.internal.resources.MarkerSet::add (140 bytes)
Event: 3.064 Thread 0x000001d92e947fe0 nmethod 3061 0x000001d918c09890 code [0x000001d918c09b00, 0x000001d918c0a558]
Event: 3.064 Thread 0x000001d92e947fe0 3057       3       org.eclipse.core.internal.resources.MarkerInfo::<init> (33 bytes)
Event: 3.064 Thread 0x000001d9308d46c0 nmethod 3047 0x000001d92021c590 code [0x000001d92021c720, 0x000001d92021cc98]
Event: 3.064 Thread 0x000001d92e947fe0 nmethod 3057 0x000001d918c0a890 code [0x000001d918c0aa80, 0x000001d918c0b0c8]
Event: 3.064 Thread 0x000001d92e947fe0 3058       3       org.eclipse.core.internal.resources.MarkerAttributeMap::<init> (22 bytes)
Event: 3.064 Thread 0x000001d9308d46c0 3054       4       java.lang.Integer::valueOf (32 bytes)
Event: 3.065 Thread 0x000001d92e947fe0 nmethod 3058 0x000001d918c0b390 code [0x000001d918c0b540, 0x000001d918c0b828]
Event: 3.065 Thread 0x000001d92e947fe0 3059       3       org.eclipse.core.internal.resources.MarkerAttributeMap::copy (17 bytes)
Event: 3.065 Thread 0x000001d92e947fe0 nmethod 3059 0x000001d918c0b990 code [0x000001d918c0bb40, 0x000001d918c0be28]
Event: 3.065 Thread 0x000001d92e947fe0 3060       3       org.eclipse.core.internal.resources.MarkerInfo::<init> (27 bytes)
Event: 3.065 Thread 0x000001d92e947fe0 nmethod 3060 0x000001d918c0bf90 code [0x000001d918c0c120, 0x000001d918c0c2b8]
Event: 3.066 Thread 0x000001d9308d46c0 nmethod 3054 0x000001d92021cf90 code [0x000001d92021d120, 0x000001d92021d1f8]
Event: 3.068 Thread 0x000001d92e947fe0 3062       3       org.eclipse.core.internal.resources.MarkerSet::shouldGrow (23 bytes)
Event: 3.068 Thread 0x000001d92e947fe0 nmethod 3062 0x000001d918c0c390 code [0x000001d918c0c560, 0x000001d918c0c718]
Event: 3.070 Thread 0x000001d9308d46c0 3063       4       java.io.DataInputStream::readInt (68 bytes)
Event: 3.072 Thread 0x000001d9308d46c0 nmethod 3063 0x000001d92021d310 code [0x000001d92021d4a0, 0x000001d92021d648]
Event: 3.074 Thread 0x000001d92e947fe0 3064       3       java.io.FileInputStream::read (8 bytes)
Event: 3.074 Thread 0x000001d92e947fe0 nmethod 3064 0x000001d918c0c810 code [0x000001d918c0c9a0, 0x000001d918c0cae8]

GC Heap History (12 events):
Event: 0.940 GC heap before
{Heap before GC invocations=1 (full 0):
 PSYoungGen      total 29696K, used 25600K [0x00000000eab00000, 0x00000000ecc00000, 0x0000000100000000)
  eden space 25600K, 100% used [0x00000000eab00000,0x00000000ec400000,0x00000000ec400000)
  from space 4096K, 0% used [0x00000000ec800000,0x00000000ec800000,0x00000000ecc00000)
  to   space 4096K, 0% used [0x00000000ec400000,0x00000000ec400000,0x00000000ec800000)
 ParOldGen       total 68608K, used 0K [0x00000000c0000000, 0x00000000c4300000, 0x00000000eab00000)
  object space 68608K, 0% used [0x00000000c0000000,0x00000000c0000000,0x00000000c4300000)
 Metaspace       used 10986K, committed 11200K, reserved 1114112K
  class space    used 1098K, committed 1216K, reserved 1048576K
}
Event: 0.948 GC heap after
{Heap after GC invocations=1 (full 0):
 PSYoungGen      total 29696K, used 3140K [0x00000000eab00000, 0x00000000ecc00000, 0x0000000100000000)
  eden space 25600K, 0% used [0x00000000eab00000,0x00000000eab00000,0x00000000ec400000)
  from space 4096K, 76% used [0x00000000ec400000,0x00000000ec711140,0x00000000ec800000)
  to   space 4096K, 0% used [0x00000000ec800000,0x00000000ec800000,0x00000000ecc00000)
 ParOldGen       total 68608K, used 16K [0x00000000c0000000, 0x00000000c4300000, 0x00000000eab00000)
  object space 68608K, 0% used [0x00000000c0000000,0x00000000c0004000,0x00000000c4300000)
 Metaspace       used 10986K, committed 11200K, reserved 1114112K
  class space    used 1098K, committed 1216K, reserved 1048576K
}
Event: 1.552 GC heap before
{Heap before GC invocations=2 (full 0):
 PSYoungGen      total 29696K, used 28740K [0x00000000eab00000, 0x00000000ecc00000, 0x0000000100000000)
  eden space 25600K, 100% used [0x00000000eab00000,0x00000000ec400000,0x00000000ec400000)
  from space 4096K, 76% used [0x00000000ec400000,0x00000000ec711140,0x00000000ec800000)
  to   space 4096K, 0% used [0x00000000ec800000,0x00000000ec800000,0x00000000ecc00000)
 ParOldGen       total 68608K, used 16K [0x00000000c0000000, 0x00000000c4300000, 0x00000000eab00000)
  object space 68608K, 0% used [0x00000000c0000000,0x00000000c0004000,0x00000000c4300000)
 Metaspace       used 14716K, committed 14976K, reserved 1114112K
  class space    used 1472K, committed 1600K, reserved 1048576K
}
Event: 1.558 GC heap after
{Heap after GC invocations=2 (full 0):
 PSYoungGen      total 29696K, used 4089K [0x00000000eab00000, 0x00000000ecc00000, 0x0000000100000000)
  eden space 25600K, 0% used [0x00000000eab00000,0x00000000eab00000,0x00000000ec400000)
  from space 4096K, 99% used [0x00000000ec800000,0x00000000ecbfe540,0x00000000ecc00000)
  to   space 4096K, 0% used [0x00000000ec400000,0x00000000ec400000,0x00000000ec800000)
 ParOldGen       total 68608K, used 1527K [0x00000000c0000000, 0x00000000c4300000, 0x00000000eab00000)
  object space 68608K, 2% used [0x00000000c0000000,0x00000000c017dd98,0x00000000c4300000)
 Metaspace       used 14716K, committed 14976K, reserved 1114112K
  class space    used 1472K, committed 1600K, reserved 1048576K
}
Event: 2.211 GC heap before
{Heap before GC invocations=3 (full 0):
 PSYoungGen      total 29696K, used 29689K [0x00000000eab00000, 0x00000000ecc00000, 0x0000000100000000)
  eden space 25600K, 100% used [0x00000000eab00000,0x00000000ec400000,0x00000000ec400000)
  from space 4096K, 99% used [0x00000000ec800000,0x00000000ecbfe540,0x00000000ecc00000)
  to   space 4096K, 0% used [0x00000000ec400000,0x00000000ec400000,0x00000000ec800000)
 ParOldGen       total 68608K, used 1527K [0x00000000c0000000, 0x00000000c4300000, 0x00000000eab00000)
  object space 68608K, 2% used [0x00000000c0000000,0x00000000c017dd98,0x00000000c4300000)
 Metaspace       used 16472K, committed 16640K, reserved 1114112K
  class space    used 1656K, committed 1728K, reserved 1048576K
}
Event: 2.216 GC heap after
{Heap after GC invocations=3 (full 0):
 PSYoungGen      total 29696K, used 4077K [0x00000000eab00000, 0x00000000ecc00000, 0x0000000100000000)
  eden space 25600K, 0% used [0x00000000eab00000,0x00000000eab00000,0x00000000ec400000)
  from space 4096K, 99% used [0x00000000ec400000,0x00000000ec7fb6e0,0x00000000ec800000)
  to   space 4096K, 0% used [0x00000000ec800000,0x00000000ec800000,0x00000000ecc00000)
 ParOldGen       total 68608K, used 5174K [0x00000000c0000000, 0x00000000c4300000, 0x00000000eab00000)
  object space 68608K, 7% used [0x00000000c0000000,0x00000000c050d9c0,0x00000000c4300000)
 Metaspace       used 16472K, committed 16640K, reserved 1114112K
  class space    used 1656K, committed 1728K, reserved 1048576K
}
Event: 2.726 GC heap before
{Heap before GC invocations=4 (full 0):
 PSYoungGen      total 29696K, used 29677K [0x00000000eab00000, 0x00000000ecc00000, 0x0000000100000000)
  eden space 25600K, 100% used [0x00000000eab00000,0x00000000ec400000,0x00000000ec400000)
  from space 4096K, 99% used [0x00000000ec400000,0x00000000ec7fb6e0,0x00000000ec800000)
  to   space 4096K, 0% used [0x00000000ec800000,0x00000000ec800000,0x00000000ecc00000)
 ParOldGen       total 68608K, used 5174K [0x00000000c0000000, 0x00000000c4300000, 0x00000000eab00000)
  object space 68608K, 7% used [0x00000000c0000000,0x00000000c050d9c0,0x00000000c4300000)
 Metaspace       used 20056K, committed 20480K, reserved 1114112K
  class space    used 2025K, committed 2176K, reserved 1048576K
}
Event: 2.731 GC heap after
{Heap after GC invocations=4 (full 0):
 PSYoungGen      total 29696K, used 4064K [0x00000000eab00000, 0x00000000ecc00000, 0x0000000100000000)
  eden space 25600K, 0% used [0x00000000eab00000,0x00000000eab00000,0x00000000ec400000)
  from space 4096K, 99% used [0x00000000ec800000,0x00000000ecbf8178,0x00000000ecc00000)
  to   space 4096K, 0% used [0x00000000ec400000,0x00000000ec400000,0x00000000ec800000)
 ParOldGen       total 68608K, used 6608K [0x00000000c0000000, 0x00000000c4300000, 0x00000000eab00000)
  object space 68608K, 9% used [0x00000000c0000000,0x00000000c0674108,0x00000000c4300000)
 Metaspace       used 20056K, committed 20480K, reserved 1114112K
  class space    used 2025K, committed 2176K, reserved 1048576K
}
Event: 2.820 GC heap before
{Heap before GC invocations=5 (full 0):
 PSYoungGen      total 29696K, used 10440K [0x00000000eab00000, 0x00000000ecc00000, 0x0000000100000000)
  eden space 25600K, 24% used [0x00000000eab00000,0x00000000eb13a198,0x00000000ec400000)
  from space 4096K, 99% used [0x00000000ec800000,0x00000000ecbf8178,0x00000000ecc00000)
  to   space 4096K, 0% used [0x00000000ec400000,0x00000000ec400000,0x00000000ec800000)
 ParOldGen       total 68608K, used 6608K [0x00000000c0000000, 0x00000000c4300000, 0x00000000eab00000)
  object space 68608K, 9% used [0x00000000c0000000,0x00000000c0674108,0x00000000c4300000)
 Metaspace       used 21142K, committed 21504K, reserved 1114112K
  class space    used 2128K, committed 2304K, reserved 1048576K
}
Event: 2.823 GC heap after
{Heap after GC invocations=5 (full 0):
 PSYoungGen      total 29696K, used 4080K [0x00000000eab00000, 0x00000000ecc00000, 0x0000000100000000)
  eden space 25600K, 0% used [0x00000000eab00000,0x00000000eab00000,0x00000000ec400000)
  from space 4096K, 99% used [0x00000000ec400000,0x00000000ec7fc188,0x00000000ec800000)
  to   space 4096K, 0% used [0x00000000ec800000,0x00000000ec800000,0x00000000ecc00000)
 ParOldGen       total 68608K, used 6938K [0x00000000c0000000, 0x00000000c4300000, 0x00000000eab00000)
  object space 68608K, 10% used [0x00000000c0000000,0x00000000c06c69b0,0x00000000c4300000)
 Metaspace       used 21142K, committed 21504K, reserved 1114112K
  class space    used 2128K, committed 2304K, reserved 1048576K
}
Event: 2.823 GC heap before
{Heap before GC invocations=6 (full 1):
 PSYoungGen      total 29696K, used 4080K [0x00000000eab00000, 0x00000000ecc00000, 0x0000000100000000)
  eden space 25600K, 0% used [0x00000000eab00000,0x00000000eab00000,0x00000000ec400000)
  from space 4096K, 99% used [0x00000000ec400000,0x00000000ec7fc188,0x00000000ec800000)
  to   space 4096K, 0% used [0x00000000ec800000,0x00000000ec800000,0x00000000ecc00000)
 ParOldGen       total 68608K, used 6938K [0x00000000c0000000, 0x00000000c4300000, 0x00000000eab00000)
  object space 68608K, 10% used [0x00000000c0000000,0x00000000c06c69b0,0x00000000c4300000)
 Metaspace       used 21142K, committed 21504K, reserved 1114112K
  class space    used 2128K, committed 2304K, reserved 1048576K
}
Event: 2.845 GC heap after
{Heap after GC invocations=6 (full 1):
 PSYoungGen      total 29696K, used 0K [0x00000000eab00000, 0x00000000ecc00000, 0x0000000100000000)
  eden space 25600K, 0% used [0x00000000eab00000,0x00000000eab00000,0x00000000ec400000)
  from space 4096K, 0% used [0x00000000ec400000,0x00000000ec400000,0x00000000ec800000)
  to   space 4096K, 0% used [0x00000000ec800000,0x00000000ec800000,0x00000000ecc00000)
 ParOldGen       total 68608K, used 10732K [0x00000000c0000000, 0x00000000c4300000, 0x00000000eab00000)
  object space 68608K, 15% used [0x00000000c0000000,0x00000000c0a7b388,0x00000000c4300000)
 Metaspace       used 21142K, committed 21504K, reserved 1114112K
  class space    used 2128K, committed 2304K, reserved 1048576K
}

Dll operation events (9 events):
Event: 0.015 Loaded shared library c:\Users\cokane\.vscode\extensions\redhat.java-1.28.1-win32-x64\jre\17.0.10-win32-x86_64\bin\java.dll
Event: 0.177 Loaded shared library c:\Users\cokane\.vscode\extensions\redhat.java-1.28.1-win32-x64\jre\17.0.10-win32-x86_64\bin\zip.dll
Event: 0.182 Loaded shared library C:\Users\cokane\.vscode\extensions\redhat.java-1.28.1-win32-x64\jre\17.0.10-win32-x86_64\bin\instrument.dll
Event: 0.202 Loaded shared library C:\Users\cokane\.vscode\extensions\redhat.java-1.28.1-win32-x64\jre\17.0.10-win32-x86_64\bin\net.dll
Event: 0.205 Loaded shared library C:\Users\cokane\.vscode\extensions\redhat.java-1.28.1-win32-x64\jre\17.0.10-win32-x86_64\bin\nio.dll
Event: 0.214 Loaded shared library C:\Users\cokane\.vscode\extensions\redhat.java-1.28.1-win32-x64\jre\17.0.10-win32-x86_64\bin\zip.dll
Event: 0.233 Loaded shared library C:\Users\cokane\.vscode\extensions\redhat.java-1.28.1-win32-x64\jre\17.0.10-win32-x86_64\bin\jimage.dll
Event: 0.308 Loaded shared library c:\Users\cokane\.vscode\extensions\redhat.java-1.28.1-win32-x64\jre\17.0.10-win32-x86_64\bin\verify.dll
Event: 1.466 Loaded shared library C:\Users\cokane\AppData\Roaming\Code\User\globalStorage\redhat.java\1.28.1\config_win\org.eclipse.equinox.launcher\org.eclipse.equinox.launcher.win32.win32.x86_64_1.2.900.v20240129-1338\eclipse_11900.dll

Deoptimization events (20 events):
Event: 3.026 Thread 0x000001d9305fa300 DEOPT PACKING pc=0x000001d918bfb614 sp=0x00000084113f9b40
Event: 3.026 Thread 0x000001d9305fa300 DEOPT UNPACKING pc=0x000001d91fb8a9e3 sp=0x00000084113f8fb8 mode 0
Event: 3.026 Thread 0x000001d9305fa300 DEOPT PACKING pc=0x000001d918bfb614 sp=0x00000084113f9ad0
Event: 3.026 Thread 0x000001d9305fa300 DEOPT UNPACKING pc=0x000001d91fb8a9e3 sp=0x00000084113f8f48 mode 0
Event: 3.026 Thread 0x000001d9305fa300 DEOPT PACKING pc=0x000001d918bfb614 sp=0x00000084113f9a60
Event: 3.026 Thread 0x000001d9305fa300 DEOPT UNPACKING pc=0x000001d91fb8a9e3 sp=0x00000084113f8ed8 mode 0
Event: 3.027 Thread 0x000001d9305fa300 DEOPT PACKING pc=0x000001d918bfb614 sp=0x00000084113f9ad0
Event: 3.027 Thread 0x000001d9305fa300 DEOPT UNPACKING pc=0x000001d91fb8a9e3 sp=0x00000084113f8f48 mode 0
Event: 3.027 Thread 0x000001d9305fa300 DEOPT PACKING pc=0x000001d918bfb614 sp=0x00000084113f9b40
Event: 3.027 Thread 0x000001d9305fa300 DEOPT UNPACKING pc=0x000001d91fb8a9e3 sp=0x00000084113f8fb8 mode 0
Event: 3.027 Thread 0x000001d9305fa300 DEOPT PACKING pc=0x000001d918bfb614 sp=0x00000084113f9a60
Event: 3.027 Thread 0x000001d9305fa300 DEOPT UNPACKING pc=0x000001d91fb8a9e3 sp=0x00000084113f8ed8 mode 0
Event: 3.035 Thread 0x000001d9305fa300 Uncommon trap: trap_request=0xffffff45 fr.pc=0x000001d920201e8c relative=0x0000000000000c0c
Event: 3.035 Thread 0x000001d9305fa300 Uncommon trap: reason=unstable_if action=reinterpret pc=0x000001d920201e8c method=java.io.DataInputStream.readInt()I @ 36 c2
Event: 3.035 Thread 0x000001d9305fa300 DEOPT PACKING pc=0x000001d920201e8c sp=0x00000084113f9cc0
Event: 3.035 Thread 0x000001d9305fa300 DEOPT UNPACKING pc=0x000001d91fb89ea3 sp=0x00000084113f9c78 mode 2
Event: 3.037 Thread 0x000001d9305fa300 Uncommon trap: trap_request=0xffffff45 fr.pc=0x000001d9202100ec relative=0x00000000000000cc
Event: 3.037 Thread 0x000001d9305fa300 Uncommon trap: reason=unstable_if action=reinterpret pc=0x000001d9202100ec method=org.eclipse.core.internal.localstore.SafeChunkyInputStream.refineChunk()V @ 31 c2
Event: 3.037 Thread 0x000001d9305fa300 DEOPT PACKING pc=0x000001d9202100ec sp=0x00000084113f9b10
Event: 3.037 Thread 0x000001d9305fa300 DEOPT UNPACKING pc=0x000001d91fb89ea3 sp=0x00000084113f9a98 mode 2

Classes unloaded (0 events):
No events

Classes redefined (0 events):
No events

Internal exceptions (20 events):
Event: 1.592 Thread 0x000001d9305fa300 Exception <a 'java/lang/NoSuchMethodError'{0x00000000ead28d90}: 'java.lang.Object java.lang.invoke.DirectMethodHandle$Holder.invokeStatic(java.lang.Object, int, java.lang.Object)'> (0x00000000ead28d90) 
thrown [s\src\hotspot\share\interpreter\linkResolver.cpp, line 759]
Event: 1.613 Thread 0x000001d9305fa300 Exception <a 'java/lang/ClassNotFoundException'{0x00000000eade6fc8}: sun/util/logging/resources/spi/loggingProvider> (0x00000000eade6fc8) 
thrown [s\src\hotspot\share\classfile\systemDictionary.cpp, line 256]
Event: 2.209 Thread 0x000001d9305fa300 Exception <a 'java/lang/NullPointerException'{0x00000000ec3dc9f8}> (0x00000000ec3dc9f8) 
thrown [s\src\hotspot\share\interpreter\linkResolver.cpp, line 1350]
Event: 2.209 Thread 0x000001d9305fa300 Exception <a 'java/lang/NullPointerException'{0x00000000ec3dccd0}> (0x00000000ec3dccd0) 
thrown [s\src\hotspot\share\interpreter\linkResolver.cpp, line 1350]
Event: 2.601 Thread 0x000001d9305fa300 Exception <a 'java/io/FileNotFoundException'{0x00000000ebdc9958}> (0x00000000ebdc9958) 
thrown [s\src\hotspot\share\prims\jni.cpp, line 516]
Event: 2.671 Thread 0x000001d9305fa300 Exception <a 'java/lang/NoSuchMethodError'{0x00000000ec11e9a0}: 'java.lang.Object java.lang.invoke.Invokers$Holder.invokeExact_MT(java.lang.Object, java.lang.Object, java.lang.Object, java.lang.Object, java.lang.Object, java.lang.Object)'> (0x00000000ec11e9a0) 
thrown [s\src\hotspot\share\interpreter\linkResolver.cpp, line 759]
Event: 2.699 Thread 0x000001d9305fa300 Exception <a 'java/lang/NoSuchMethodError'{0x00000000ec24ce88}: 'java.lang.Object java.lang.invoke.Invokers$Holder.linkToTargetMethod(java.lang.Object, long, java.lang.Object)'> (0x00000000ec24ce88) 
thrown [s\src\hotspot\share\interpreter\linkResolver.cpp, line 759]
Event: 2.749 Thread 0x000001d9305fa300 Exception <a 'java/lang/NoSuchMethodError'{0x00000000eac61650}: 'void java.lang.invoke.DirectMethodHandle$Holder.invokeInterface(java.lang.Object, java.lang.Object, java.lang.Object)'> (0x00000000eac61650) 
thrown [s\src\hotspot\share\interpreter\linkResolver.cpp, line 759]
Event: 2.803 Thread 0x000001d9305fa300 Exception <a 'java/lang/NoSuchMethodError'{0x00000000eb007c00}: 'void java.lang.invoke.DirectMethodHandle$Holder.invokeVirtual(java.lang.Object, java.lang.Object)'> (0x00000000eb007c00) 
thrown [s\src\hotspot\share\interpreter\linkResolver.cpp, line 759]
Event: 2.848 Thread 0x000001d9305fa300 Exception <a 'java/lang/NoSuchMethodError'{0x00000000eab27e80}: 'java.lang.Object java.lang.invoke.DirectMethodHandle$Holder.invokeStatic(java.lang.Object, java.lang.Object, int)'> (0x00000000eab27e80) 
thrown [s\src\hotspot\share\interpreter\linkResolver.cpp, line 759]
Event: 2.849 Thread 0x000001d9305fa300 Exception <a 'java/lang/NoSuchMethodError'{0x00000000eab2ca30}: 'void java.lang.invoke.DirectMethodHandle$Holder.invokeStatic(java.lang.Object, java.lang.Object, int, java.lang.Object)'> (0x00000000eab2ca30) 
thrown [s\src\hotspot\share\interpreter\linkResolver.cpp, line 759]
Event: 2.850 Thread 0x000001d9305fa300 Exception <a 'java/lang/NoSuchMethodError'{0x00000000eab33d00}: 'void java.lang.invoke.DelegatingMethodHandle$Holder.delegate(java.lang.Object, java.lang.Object, int, java.lang.Object)'> (0x00000000eab33d00) 
thrown [s\src\hotspot\share\interpreter\linkResolver.cpp, line 759]
Event: 2.850 Thread 0x000001d9305fa300 Exception <a 'java/lang/NoSuchMethodError'{0x00000000eab380e8}: 'int java.lang.invoke.DirectMethodHandle$Holder.invokeSpecial(java.lang.Object, java.lang.Object, java.lang.Object)'> (0x00000000eab380e8) 
thrown [s\src\hotspot\share\interpreter\linkResolver.cpp, line 759]
Event: 2.851 Thread 0x000001d9305fa300 Exception <a 'java/lang/NoSuchMethodError'{0x00000000eab497d0}: 'int java.lang.invoke.DirectMethodHandle$Holder.invokeStatic(java.lang.Object, java.lang.Object, int)'> (0x00000000eab497d0) 
thrown [s\src\hotspot\share\interpreter\linkResolver.cpp, line 759]
Event: 2.852 Thread 0x000001d9305fa300 Exception <a 'java/lang/NoSuchMethodError'{0x00000000eab4d880}: 'int java.lang.invoke.DirectMethodHandle$Holder.invokeSpecial(java.lang.Object, java.lang.Object, java.lang.Object, int)'> (0x00000000eab4d880) 
thrown [s\src\hotspot\share\interpreter\linkResolver.cpp, line 759]
Event: 2.853 Thread 0x000001d9305fa300 Exception <a 'java/lang/NoSuchMethodError'{0x00000000eab697e8}: 'java.lang.Object java.lang.invoke.DirectMethodHandle$Holder.invokeStatic(java.lang.Object, java.lang.Object, java.lang.Object, java.lang.Object, int)'> (0x00000000eab697e8) 
thrown [s\src\hotspot\share\interpreter\linkResolver.cpp, line 759]
Event: 2.854 Thread 0x000001d9305fa300 Exception <a 'java/lang/NoSuchMethodError'{0x00000000eab75870}: 'java.lang.Object java.lang.invoke.DelegatingMethodHandle$Holder.reinvoke_L(java.lang.Object, java.lang.Object, java.lang.Object, java.lang.Object, int, int)'> (0x00000000eab75870) 
thrown [s\src\hotspot\share\interpreter\linkResolver.cpp, line 759]
Event: 2.856 Thread 0x000001d9305fa300 Exception <a 'java/lang/NoSuchMethodError'{0x00000000eab8a090}: 'java.lang.Object java.lang.invoke.Invokers$Holder.invokeExact_MT(java.lang.Object, java.lang.Object, java.lang.Object, java.lang.Object)'> (0x00000000eab8a090) 
thrown [s\src\hotspot\share\interpreter\linkResolver.cpp, line 759]
Event: 2.908 Thread 0x000001d9305fa300 Exception <a 'java/io/FileNotFoundException'{0x00000000eae3c180}> (0x00000000eae3c180) 
thrown [s\src\hotspot\share\prims\jni.cpp, line 516]
Event: 2.908 Thread 0x000001d9305fa300 Exception <a 'java/io/FileNotFoundException'{0x00000000eae67070}> (0x00000000eae67070) 
thrown [s\src\hotspot\share\prims\jni.cpp, line 516]

VM Operations (20 events):
Event: 1.586 Executing VM operation: HandshakeAllThreads
Event: 1.586 Executing VM operation: HandshakeAllThreads done
Event: 1.625 Executing VM operation: HandshakeAllThreads
Event: 1.625 Executing VM operation: HandshakeAllThreads done
Event: 1.641 Executing VM operation: HandshakeAllThreads
Event: 1.641 Executing VM operation: HandshakeAllThreads done
Event: 1.672 Executing VM operation: HandshakeAllThreads
Event: 1.672 Executing VM operation: HandshakeAllThreads done
Event: 2.206 Executing VM operation: HandshakeAllThreads
Event: 2.206 Executing VM operation: HandshakeAllThreads done
Event: 2.210 Executing VM operation: ParallelGCFailedAllocation
Event: 2.216 Executing VM operation: ParallelGCFailedAllocation done
Event: 2.726 Executing VM operation: ParallelGCFailedAllocation
Event: 2.731 Executing VM operation: ParallelGCFailedAllocation done
Event: 2.820 Executing VM operation: CollectForMetadataAllocation
Event: 2.845 Executing VM operation: CollectForMetadataAllocation done
Event: 2.848 Executing VM operation: HandshakeAllThreads
Event: 2.848 Executing VM operation: HandshakeAllThreads done
Event: 2.921 Executing VM operation: HandshakeAllThreads
Event: 2.921 Executing VM operation: HandshakeAllThreads done

Events (20 events):
Event: 2.975 loading class java/text/spi/NumberFormatProvider
Event: 2.975 loading class java/text/spi/NumberFormatProvider done
Event: 2.975 loading class java/util/spi/CurrencyNameProvider
Event: 2.975 loading class java/util/spi/CurrencyNameProvider done
Event: 2.975 loading class java/util/spi/LocaleNameProvider
Event: 2.975 loading class java/util/spi/LocaleNameProvider done
Event: 2.975 loading class java/util/spi/TimeZoneNameProvider
Event: 2.975 loading class java/util/spi/TimeZoneNameProvider done
Event: 2.975 loading class sun/util/locale/provider/CalendarDataUtility$CalendarWeekParameterGetter
Event: 2.975 loading class sun/util/locale/provider/LocaleServiceProviderPool$LocalizedObjectGetter
Event: 2.975 loading class sun/util/locale/provider/LocaleServiceProviderPool$LocalizedObjectGetter done
Event: 2.975 loading class sun/util/locale/provider/CalendarDataUtility$CalendarWeekParameterGetter done
Event: 2.976 loading class sun/util/cldr/CLDRCalendarDataProviderImpl
Event: 2.976 loading class sun/util/locale/provider/CalendarDataProviderImpl
Event: 2.976 loading class sun/util/locale/provider/CalendarDataProviderImpl done
Event: 2.976 loading class sun/util/cldr/CLDRCalendarDataProviderImpl done
Event: 2.993 loading class sun/util/resources/cldr/CalendarData
Event: 2.993 loading class sun/util/resources/cldr/CalendarData done
Event: 2.994 loading class java/io/FileOutputStream$1
Event: 2.994 loading class java/io/FileOutputStream$1 done


Dynamic libraries:
0x00007ff675a50000 - 0x00007ff675a5e000 	c:\Users\cokane\.vscode\extensions\redhat.java-1.28.1-win32-x64\jre\17.0.10-win32-x86_64\bin\java.exe
0x00007ffe065b0000 - 0x00007ffe067c7000 	C:\WINDOWS\SYSTEM32\ntdll.dll
0x00007ffdf2870000 - 0x00007ffdf2889000 	C:\Program Files\Avast Software\Avast\aswhook.dll
0x00007ffe05020000 - 0x00007ffe050e4000 	C:\WINDOWS\System32\KERNEL32.DLL
0x00007ffe03ad0000 - 0x00007ffe03e76000 	C:\WINDOWS\System32\KERNELBASE.dll
0x00007ffe041b0000 - 0x00007ffe042c1000 	C:\WINDOWS\System32\ucrtbase.dll
0x00007ffde6790000 - 0x00007ffde67ab000 	c:\Users\cokane\.vscode\extensions\redhat.java-1.28.1-win32-x64\jre\17.0.10-win32-x86_64\bin\VCRUNTIME140.dll
0x00007ffde6770000 - 0x00007ffde6787000 	c:\Users\cokane\.vscode\extensions\redhat.java-1.28.1-win32-x64\jre\17.0.10-win32-x86_64\bin\jli.dll
0x00007ffe049e0000 - 0x00007ffe04b8e000 	C:\WINDOWS\System32\USER32.dll
0x00007ffe03a30000 - 0x00007ffe03a56000 	C:\WINDOWS\System32\win32u.dll
0x00007ffe042d0000 - 0x00007ffe042f9000 	C:\WINDOWS\System32\GDI32.dll
0x00007ffde18c0000 - 0x00007ffde1b53000 	C:\WINDOWS\WinSxS\amd64_microsoft.windows.common-controls_6595b64144ccf1df_6.0.22621.2506_none_270c5ae97388e100\COMCTL32.dll
0x00007ffe03eb0000 - 0x00007ffe03fc8000 	C:\WINDOWS\System32\gdi32full.dll
0x00007ffe04930000 - 0x00007ffe049d7000 	C:\WINDOWS\System32\msvcrt.dll
0x00007ffe04050000 - 0x00007ffe040ea000 	C:\WINDOWS\System32\msvcp_win.dll
0x00007ffe04890000 - 0x00007ffe048c1000 	C:\WINDOWS\System32\IMM32.DLL
0x00007ffdfb2b0000 - 0x00007ffdfb2bc000 	c:\Users\cokane\.vscode\extensions\redhat.java-1.28.1-win32-x64\jre\17.0.10-win32-x86_64\bin\vcruntime140_1.dll
0x00007ffde66e0000 - 0x00007ffde676d000 	c:\Users\cokane\.vscode\extensions\redhat.java-1.28.1-win32-x64\jre\17.0.10-win32-x86_64\bin\msvcp140.dll
0x00007ffd999e0000 - 0x00007ffd9a642000 	c:\Users\cokane\.vscode\extensions\redhat.java-1.28.1-win32-x64\jre\17.0.10-win32-x86_64\bin\server\jvm.dll
0x00007ffe045a0000 - 0x00007ffe04653000 	C:\WINDOWS\System32\ADVAPI32.dll
0x00007ffe059b0000 - 0x00007ffe05a58000 	C:\WINDOWS\System32\sechost.dll
0x00007ffe03e80000 - 0x00007ffe03ea8000 	C:\WINDOWS\System32\bcrypt.dll
0x00007ffe05dc0000 - 0x00007ffe05ed7000 	C:\WINDOWS\System32\RPCRT4.dll
0x00007ffdeb260000 - 0x00007ffdeb269000 	C:\WINDOWS\SYSTEM32\WSOCK32.dll
0x00007ffdfa6b0000 - 0x00007ffdfa6e4000 	C:\WINDOWS\SYSTEM32\WINMM.dll
0x00007ffe02750000 - 0x00007ffe0279d000 	C:\WINDOWS\SYSTEM32\POWRPROF.dll
0x00007ffe04300000 - 0x00007ffe04371000 	C:\WINDOWS\System32\WS2_32.dll
0x00007ffdf9210000 - 0x00007ffdf921a000 	C:\WINDOWS\SYSTEM32\VERSION.dll
0x00007ffe02730000 - 0x00007ffe02743000 	C:\WINDOWS\SYSTEM32\UMPDC.dll
0x00007ffe029f0000 - 0x00007ffe02a08000 	C:\WINDOWS\SYSTEM32\kernel.appcore.dll
0x00007ffde6990000 - 0x00007ffde699a000 	c:\Users\cokane\.vscode\extensions\redhat.java-1.28.1-win32-x64\jre\17.0.10-win32-x86_64\bin\jimage.dll
0x00007ffe01050000 - 0x00007ffe01283000 	C:\WINDOWS\SYSTEM32\DBGHELP.DLL
0x00007ffe06190000 - 0x00007ffe06519000 	C:\WINDOWS\System32\combase.dll
0x00007ffe05a60000 - 0x00007ffe05b37000 	C:\WINDOWS\System32\OLEAUT32.dll
0x00007ffdf2540000 - 0x00007ffdf2572000 	C:\WINDOWS\SYSTEM32\dbgcore.DLL
0x00007ffe03fd0000 - 0x00007ffe0404a000 	C:\WINDOWS\System32\bcryptPrimitives.dll
0x00007ffde6980000 - 0x00007ffde698e000 	c:\Users\cokane\.vscode\extensions\redhat.java-1.28.1-win32-x64\jre\17.0.10-win32-x86_64\bin\instrument.dll
0x00007ffde66b0000 - 0x00007ffde66d5000 	c:\Users\cokane\.vscode\extensions\redhat.java-1.28.1-win32-x64\jre\17.0.10-win32-x86_64\bin\java.dll
0x00007ffdfbbf0000 - 0x00007ffdfbc08000 	c:\Users\cokane\.vscode\extensions\redhat.java-1.28.1-win32-x64\jre\17.0.10-win32-x86_64\bin\zip.dll
0x00007ffe05150000 - 0x00007ffe059ab000 	C:\WINDOWS\System32\SHELL32.dll
0x00007ffe01750000 - 0x00007ffe02046000 	C:\WINDOWS\SYSTEM32\windows.storage.dll
0x00007ffe01560000 - 0x00007ffe0169e000 	C:\WINDOWS\SYSTEM32\wintypes.dll
0x00007ffe05ca0000 - 0x00007ffe05d93000 	C:\WINDOWS\System32\SHCORE.dll
0x00007ffe050f0000 - 0x00007ffe0514e000 	C:\WINDOWS\System32\shlwapi.dll
0x00007ffe037f0000 - 0x00007ffe03816000 	C:\WINDOWS\SYSTEM32\profapi.dll
0x00007ffe006c0000 - 0x00007ffe006d9000 	C:\Users\cokane\.vscode\extensions\redhat.java-1.28.1-win32-x64\jre\17.0.10-win32-x86_64\bin\net.dll
0x00007ffdfcd20000 - 0x00007ffdfce57000 	C:\WINDOWS\SYSTEM32\WINHTTP.dll
0x00007ffe02e70000 - 0x00007ffe02ed9000 	C:\WINDOWS\system32\mswsock.dll
0x00007ffde64a0000 - 0x00007ffde64b6000 	C:\Users\cokane\.vscode\extensions\redhat.java-1.28.1-win32-x64\jre\17.0.10-win32-x86_64\bin\nio.dll
0x00007ffdfbbe0000 - 0x00007ffdfbbf0000 	c:\Users\cokane\.vscode\extensions\redhat.java-1.28.1-win32-x64\jre\17.0.10-win32-x86_64\bin\verify.dll
0x00007ffde6590000 - 0x00007ffde65ce000 	C:\Users\cokane\AppData\Roaming\Code\User\globalStorage\redhat.java\1.28.1\config_win\org.eclipse.equinox.launcher\org.eclipse.equinox.launcher.win32.win32.x86_64_1.2.900.v20240129-1338\eclipse_11900.dll
0x00007ffe046f0000 - 0x00007ffe04890000 	C:\WINDOWS\System32\ole32.dll

dbghelp: loaded successfully - version: 4.0.5 - missing functions: none
symbol engine: initialized successfully - sym options: 0x614 - pdb path: .;c:\Users\cokane\.vscode\extensions\redhat.java-1.28.1-win32-x64\jre\17.0.10-win32-x86_64\bin;C:\WINDOWS\SYSTEM32;C:\Program Files\Avast Software\Avast;C:\WINDOWS\WinSxS\amd64_microsoft.windows.common-controls_6595b64144ccf1df_6.0.22621.2506_none_270c5ae97388e100;c:\Users\cokane\.vscode\extensions\redhat.java-1.28.1-win32-x64\jre\17.0.10-win32-x86_64\bin\server;C:\Users\cokane\AppData\Roaming\Code\User\globalStorage\redhat.java\1.28.1\config_win\org.eclipse.equinox.launcher\org.eclipse.equinox.launcher.win32.win32.x86_64_1.2.900.v20240129-1338

VM Arguments:
jvm_args: --add-modules=ALL-SYSTEM --add-opens=java.base/java.util=ALL-UNNAMED --add-opens=java.base/java.lang=ALL-UNNAMED --add-opens=java.base/sun.nio.fs=ALL-UNNAMED -Declipse.application=org.eclipse.jdt.ls.core.id1 -Dosgi.bundles.defaultStartLevel=4 -Declipse.product=org.eclipse.jdt.ls.core.product -Djava.import.generatesMetadataFilesAtProjectRoot=false -DDetectVMInstallationsJob.disabled=true -Dfile.encoding=utf8 -XX:+UseParallelGC -XX:GCTimeRatio=4 -XX:AdaptiveSizePolicyWeight=90 -Dsun.zip.disableMemoryMapping=true -Xmx1G -Xms100m -Xlog:disable -javaagent:c:\Users\cokane\.vscode\extensions\redhat.java-1.28.1-win32-x64\lombok\lombok-1.18.31.jar -XX:+HeapDumpOnOutOfMemoryError -XX:HeapDumpPath=c:\Users\cokane\AppData\Roaming\Code\User\workspaceStorage\80ff809a4b4a380e66c75161490fda4c\redhat.java -Daether.dependencyCollector.impl=bf 
java_command: c:\Users\cokane\.vscode\extensions\redhat.java-1.28.1-win32-x64\server\plugins\org.eclipse.equinox.launcher_1.6.700.v20231214-2017.jar -configuration c:\Users\cokane\AppData\Roaming\Code\User\globalStorage\redhat.java\1.28.1\config_win -data c:\Users\cokane\AppData\Roaming\Code\User\workspaceStorage\80ff809a4b4a380e66c75161490fda4c\redhat.java\jdt_ws --stdio
java_class_path (initial): c:\Users\cokane\.vscode\extensions\redhat.java-1.28.1-win32-x64\server\plugins\org.eclipse.equinox.launcher_1.6.700.v20231214-2017.jar
Launcher Type: SUN_STANDARD

[Global flags]
    uintx AdaptiveSizePolicyWeight                 = 90                                        {product} {command line}
     intx CICompilerCount                          = 4                                         {product} {ergonomic}
    uintx GCTimeRatio                              = 4                                         {product} {command line}
     bool HeapDumpOnOutOfMemoryError               = true                                   {manageable} {command line}
    ccstr HeapDumpPath                             = c:\Users\cokane\AppData\Roaming\Code\User\workspaceStorage\80ff809a4b4a380e66c75161490fda4c\redhat.java         {manageable} {command line}
   size_t InitialHeapSize                          = 104857600                                 {product} {command line}
   size_t MaxHeapSize                              = 1073741824                                {product} {command line}
   size_t MaxNewSize                               = 357564416                                 {product} {ergonomic}
   size_t MinHeapDeltaBytes                        = 524288                                    {product} {ergonomic}
   size_t MinHeapSize                              = 104857600                                 {product} {command line}
   size_t NewSize                                  = 34603008                                  {product} {ergonomic}
    uintx NonNMethodCodeHeapSize                   = 5839372                                {pd product} {ergonomic}
    uintx NonProfiledCodeHeapSize                  = 122909434                              {pd product} {ergonomic}
   size_t OldSize                                  = 70254592                                  {product} {ergonomic}
    uintx ProfiledCodeHeapSize                     = 122909434                              {pd product} {ergonomic}
    uintx ReservedCodeCacheSize                    = 251658240                              {pd product} {ergonomic}
     bool SegmentedCodeCache                       = true                                      {product} {ergonomic}
   size_t SoftMaxHeapSize                          = 1073741824                             {manageable} {ergonomic}
     bool UseCompressedClassPointers               = true                           {product lp64_product} {ergonomic}
     bool UseCompressedOops                        = true                           {product lp64_product} {ergonomic}
     bool UseLargePagesIndividualAllocation        = false                                  {pd product} {ergonomic}
     bool UseParallelGC                            = true                                      {product} {command line}

Logging:
Log output configuration:
 #0: stdout all=off uptime,level,tags
 #1: stderr all=off uptime,level,tags

Environment Variables:
JAVA_HOME=C:\Program Files\Java\jdk-17
PATH=C:\Program Files\Microsoft\jdk-11.0.16.101-hotspot\bin;C:\Program Files\Common Files\Oracle\Java\javapath;C:\Python311\Scripts\;C:\Python311\;C:\WINDOWS\system32;C:\WINDOWS;C:\WINDOWS\System32\Wbem;C:\WINDOWS\System32\WindowsPowerShell\v1.0\;C:\WINDOWS\System32\OpenSSH\;C:\Program Files\nodejs\;C:\ProgramData\chocolatey\bin;C:\Program Files\Microsoft\Web Platform Installer\;C:\Program Files (x86)\Microsoft ASP.NET\ASP.NET Web Pages\v1.0\;C:\Program Files\Microsoft SQL Server\110\Tools\Binn\;C:\Program Files\Microsoft SQL Server\150\Tools\Binn\;C:\Program Files\Microsoft SQL Server\Client SDK\ODBC\170\Tools\Binn\;C:\Program Files\dotnet\;C:\Program Files (x86)\Microsoft SQL Server\160\DTS\Binn\;C:\Program Files\Azure Data Studio\bin;C:\Program Files (x86)\Microsoft SQL Server\160\Tools\Binn\;C:\Program Files\Microsoft SQL Server\160\Tools\Binn\;C:\Program Files\Microsoft SQL Server\160\DTS\Binn\;C:\Users\cokane\flutter\bin;C:\Program Files\Git\cmd;C:\wamp64\bin\php\php8.0.13;C:\Program Files\apache-maven-3.9.6\bin;C:\composer;C:\Users\cokane\AppData\Local\Microsoft\WindowsApps;C:\Users\cokane\AppData\Local\Programs\Microsoft VS Code\bin;C:\Users\cokane\AppData\Roaming\npm;C:\Users\cokane\.dotnet\tools;C:\Program Files\Azure Data Studio\bin;C:\Users\cokane\flutter\bin;C:\Program Files\JetBrains\IntelliJ IDEA 2023.2.4\bin;;C:\wamp64\bin\php\php8.0.13;C:\Program Files\apache-maven-3.9.6\bin;C:\Users\cokane\AppData\Roaming\Composer\vendor\bin;C:\composer;
USERNAME=cokane
OS=Windows_NT
PROCESSOR_IDENTIFIER=Intel64 Family 6 Model 140 Stepping 1, GenuineIntel
TMP=C:\Users\cokane\AppData\Local\Temp
TEMP=C:\Users\cokane\AppData\Local\Temp



Periodic native trim disabled


---------------  S Y S T E M  ---------------

OS:
 Windows 11 , 64 bit Build 22621 (10.0.22621.3085)
OS uptime: 2 days 18:23 hours

CPU: total 8 (initial active 8) (4 cores per cpu, 2 threads per core) family 6 model 140 stepping 1 microcode 0xb4, cx8, cmov, fxsr, ht, mmx, 3dnowpref, sse, sse2, sse3, ssse3, sse4.1, sse4.2, popcnt, lzcnt, tsc, tscinvbit, avx, avx2, aes, erms, clmul, bmi1, bmi2, adx, avx512f, avx512dq, avx512cd, avx512bw, avx512vl, sha, fma, vzeroupper, avx512_vpopcntdq, avx512_vpclmulqdq, avx512_vaes, avx512_vnni, clflush, clflushopt, clwb, avx512_vbmi2, avx512_vbmi
Processor Information for all 8 processors :
  Max Mhz: 2803, Current Mhz: 2803, Mhz Limit: 2803

Memory: 4k page, system-wide physical 16110M (664M free)
TotalPageFile size 65262M (AvailPageFile size 5M)
current process WorkingSet (physical memory assigned to process): 127M, peak: 127M
current process commit charge ("private bytes"): 227M, peak: 228M

vm_info: OpenJDK 64-Bit Server VM (17.0.10+7) for windows-amd64 JRE (17.0.10+7), built on Jan 16 2024 23:25:11 by "admin" with MS VC++ 16.10 / 16.11 (VS2019)

END.
